// Jest Snapshot v1, https://goo.gl/fbAQLP

exports[`button render button 1`] = `
<DocumentFragment>
  <button
    class="sc-dkrFOg ddlRvK"
  />
</DocumentFragment>
`;
